---
http_interactions:
- request:
    method: get
    uri: https://www.pivotaltracker.com/services/v5/projects/
    body:
      encoding: US-ASCII
      string: ''
    headers:
      User-Agent:
      - Faraday v0.9.0
      X-Trackertoken:
      - "<TRACKER_TOKEN>"
      Accept-Encoding:
      - gzip;q=1.0,deflate;q=0.6,identity;q=0.3
      Accept:
      - "*/*"
  response:
    status:
      code: 200
      message: OK
    headers:
      Content-Type:
      - application/json; charset=utf-8
      Transfer-Encoding:
      - chunked
      Status:
      - 200 OK
      X-Ua-Compatible:
      - IE=Edge,chrome=1
      Cache-Control:
      - max-age=0, private, must-revalidate
      X-Request-Id:
      - 9771621787eb51ab34179dc1e6951660
      X-Runtime:
      - '0.253731'
      Date:
      - Thu, 08 May 2014 17:24:34 GMT
      X-Rack-Cache:
      - miss
      X-Powered-By:
      - Phusion Passenger 4.0.41
      Server:
      - nginx/1.6.0 + Phusion Passenger 4.0.41
      Access-Control-Allow-Origin:
      - "*"
      Access-Control-Allow-Credentials:
      - 'false'
      Access-Control-Allow-Methods:
      - GET, POST, PUT, DELETE, OPTIONS
      Access-Control-Allow-Headers:
      - X-TrackerToken,DNT,X-Mx-ReqToken,Keep-Alive,User-Agent,X-Requested-With,If-Modified-Since,Cache-Control,Content-Type,X-Tracker-Warn-Unless-Project-Version-Is
    body:
      encoding: UTF-8
      string: |-
        [
          {
            "id": 1071248,
            "kind": "project",
            "name": "OneFeed",
            "version": 94,
            "iteration_length": 1,
            "week_start_day": "Monday",
            "point_scale": "0,1,2,3",
            "point_scale_is_custom": false,
            "bugs_and_chores_are_estimatable": false,
            "enable_planned_mode": false,
            "enable_tasks": true,
            "time_zone": {
              "kind": "time_zone",
              "olson_name": "America/Los_Angeles",
              "offset": "-07:00"
            },
            "velocity_averaged_over": 3,
            "number_of_done_iterations_to_show": 12,
            "has_google_domain": false,
            "enable_incoming_emails": true,
            "initial_velocity": 10,
            "public": false,
            "atom_enabled": false,
            "start_time": "2014-04-28T07:00:00Z",
            "created_at": "2014-04-30T23:20:25Z",
            "updated_at": "2014-05-06T14:45:19Z",
            "account_id": 622224,
            "current_iteration_number": 2,
            "enable_following": true
          },
          {
            "id": 1075500,
            "kind": "project",
            "name": "Burt and Edmonson's TrackerHub",
            "version": 21,
            "iteration_length": 1,
            "week_start_day": "Monday",
            "point_scale": "0,1,2,3",
            "point_scale_is_custom": false,
            "bugs_and_chores_are_estimatable": false,
            "enable_planned_mode": false,
            "enable_tasks": true,
            "time_zone": {
              "kind": "time_zone",
              "olson_name": "America/Los_Angeles",
              "offset": "-07:00"
            },
            "velocity_averaged_over": 3,
            "number_of_done_iterations_to_show": 12,
            "has_google_domain": false,
            "enable_incoming_emails": true,
            "initial_velocity": 10,
            "public": false,
            "atom_enabled": false,
            "start_time": "2014-05-05T07:00:00Z",
            "created_at": "2014-05-07T19:08:30Z",
            "updated_at": "2014-05-07T19:47:51Z",
            "account_id": 622224,
            "current_iteration_number": 1,
            "enable_following": true
          },
          {
            "id": 966426,
            "kind": "project",
            "name": "gSchoolMarch2014Curriculum",
            "version": 2370,
            "iteration_length": 1,
            "week_start_day": "Monday",
            "point_scale": "0,1,2,3",
            "point_scale_is_custom": false,
            "bugs_and_chores_are_estimatable": false,
            "enable_planned_mode": false,
            "enable_tasks": true,
            "time_zone": {
              "kind": "time_zone",
              "olson_name": "America/Denver",
              "offset": "-06:00"
            },
            "velocity_averaged_over": 3,
            "number_of_done_iterations_to_show": 12,
            "has_google_domain": false,
            "enable_incoming_emails": true,
            "initial_velocity": 10,
            "public": false,
            "atom_enabled": false,
            "start_time": "2014-03-03T07:00:00Z",
            "created_at": "2013-11-27T22:52:23Z",
            "updated_at": "2013-12-19T04:01:52Z",
            "account_id": 598246,
            "current_iteration_number": 10,
            "enable_following": true
          },
          {
            "id": 1073680,
            "kind": "project",
            "name": "Huskies Website",
            "version": 8,
            "iteration_length": 1,
            "week_start_day": "Monday",
            "point_scale": "0,1,2,3",
            "point_scale_is_custom": false,
            "bugs_and_chores_are_estimatable": false,
            "enable_planned_mode": false,
            "enable_tasks": true,
            "time_zone": {
              "kind": "time_zone",
              "olson_name": "America/Los_Angeles",
              "offset": "-07:00"
            },
            "velocity_averaged_over": 3,
            "number_of_done_iterations_to_show": 12,
            "has_google_domain": false,
            "enable_incoming_emails": true,
            "initial_velocity": 10,
            "public": false,
            "atom_enabled": false,
            "start_time": "2014-05-05T07:00:00Z",
            "created_at": "2014-05-05T17:41:07Z",
            "updated_at": "2014-05-05T17:41:07Z",
            "account_id": 622224,
            "current_iteration_number": 1,
            "enable_following": true
          },
          {
            "id": 1069192,
            "kind": "project",
            "name": "quiet-water's Team CRUD",
            "version": 260,
            "iteration_length": 1,
            "week_start_day": "Monday",
            "point_scale": "0,1,2,3",
            "point_scale_is_custom": false,
            "bugs_and_chores_are_estimatable": false,
            "enable_planned_mode": false,
            "enable_tasks": true,
            "time_zone": {
              "kind": "time_zone",
              "olson_name": "America/Los_Angeles",
              "offset": "-07:00"
            },
            "velocity_averaged_over": 3,
            "number_of_done_iterations_to_show": 12,
            "has_google_domain": false,
            "enable_incoming_emails": true,
            "initial_velocity": 10,
            "public": false,
            "atom_enabled": false,
            "start_time": "2014-04-28T07:00:00Z",
            "created_at": "2014-04-28T17:18:16Z",
            "updated_at": "2014-04-28T17:25:55Z",
            "account_id": 622224,
            "current_iteration_number": 2,
            "enable_following": true
          },
          {
            "id": 1066310,
            "kind": "project",
            "name": "URL Shortener Rails",
            "version": 14,
            "iteration_length": 1,
            "week_start_day": "Monday",
            "point_scale": "0,1,2,3",
            "point_scale_is_custom": false,
            "bugs_and_chores_are_estimatable": false,
            "enable_planned_mode": false,
            "enable_tasks": true,
            "time_zone": {
              "kind": "time_zone",
              "olson_name": "America/Los_Angeles",
              "offset": "-07:00"
            },
            "velocity_averaged_over": 3,
            "number_of_done_iterations_to_show": 12,
            "has_google_domain": false,
            "enable_incoming_emails": true,
            "initial_velocity": 10,
            "public": false,
            "atom_enabled": false,
            "start_time": "2014-04-21T07:00:00Z",
            "created_at": "2014-04-23T19:51:21Z",
            "updated_at": "2014-04-23T19:51:21Z",
            "account_id": 622224,
            "current_iteration_number": 3,
            "enable_following": true
          },
          {
            "id": 1060104,
            "kind": "project",
            "name": "Nathanael's User Authentication",
            "version": 99,
            "iteration_length": 1,
            "week_start_day": "Monday",
            "point_scale": "0,1,2,3",
            "point_scale_is_custom": false,
            "bugs_and_chores_are_estimatable": false,
            "enable_planned_mode": false,
            "enable_tasks": true,
            "time_zone": {
              "kind": "time_zone",
              "olson_name": "America/Los_Angeles",
              "offset": "-07:00"
            },
            "velocity_averaged_over": 3,
            "number_of_done_iterations_to_show": 12,
            "has_google_domain": false,
            "enable_incoming_emails": true,
            "initial_velocity": 10,
            "public": false,
            "atom_enabled": false,
            "start_time": "2014-04-14T07:00:00Z",
            "created_at": "2014-04-14T19:49:05Z",
            "updated_at": "2014-04-14T19:49:05Z",
            "account_id": 622224,
            "current_iteration_number": 4,
            "enable_following": true
          },
          {
            "id": 1057666,
            "kind": "project",
            "name": "personal_website",
            "version": 37,
            "iteration_length": 1,
            "week_start_day": "Monday",
            "point_scale": "0,1,2,3",
            "point_scale_is_custom": false,
            "bugs_and_chores_are_estimatable": false,
            "enable_planned_mode": false,
            "enable_tasks": true,
            "time_zone": {
              "kind": "time_zone",
              "olson_name": "America/Los_Angeles",
              "offset": "-07:00"
            },
            "velocity_averaged_over": 3,
            "number_of_done_iterations_to_show": 12,
            "has_google_domain": false,
            "enable_incoming_emails": true,
            "initial_velocity": 10,
            "public": false,
            "atom_enabled": false,
            "start_time": "2014-04-07T07:00:00Z",
            "created_at": "2014-04-10T15:14:30Z",
            "updated_at": "2014-04-10T15:14:30Z",
            "account_id": 622224,
            "current_iteration_number": 5,
            "enable_following": true
          },
          {
            "id": 1047372,
            "kind": "project",
            "name": "URL Shortener Project",
            "version": 152,
            "iteration_length": 1,
            "week_start_day": "Monday",
            "point_scale": "0,1,2,3",
            "point_scale_is_custom": false,
            "bugs_and_chores_are_estimatable": false,
            "enable_planned_mode": false,
            "enable_tasks": true,
            "time_zone": {
              "kind": "time_zone",
              "olson_name": "America/Los_Angeles",
              "offset": "-07:00"
            },
            "velocity_averaged_over": 3,
            "number_of_done_iterations_to_show": 12,
            "has_google_domain": false,
            "enable_incoming_emails": true,
            "initial_velocity": 10,
            "public": false,
            "atom_enabled": false,
            "start_time": "2014-03-24T07:00:00Z",
            "created_at": "2014-03-27T18:31:30Z",
            "updated_at": "2014-03-27T18:31:30Z",
            "account_id": 622224,
            "current_iteration_number": 7,
            "enable_following": true
          },
          {
            "id": 1029350,
            "kind": "project",
            "name": "Nathanael Burt's Work",
            "version": 365,
            "iteration_length": 1,
            "week_start_day": "Monday",
            "point_scale": "0,1,2,3",
            "point_scale_is_custom": false,
            "bugs_and_chores_are_estimatable": false,
            "enable_planned_mode": false,
            "enable_tasks": true,
            "time_zone": {
              "kind": "time_zone",
              "olson_name": "America/Los_Angeles",
              "offset": "-07:00"
            },
            "velocity_averaged_over": 3,
            "number_of_done_iterations_to_show": 12,
            "has_google_domain": false,
            "enable_incoming_emails": true,
            "initial_velocity": 10,
            "public": false,
            "atom_enabled": false,
            "start_time": "2014-03-03T08:00:00Z",
            "created_at": "2014-03-04T18:59:51Z",
            "updated_at": "2014-03-05T14:22:51Z",
            "account_id": 622224,
            "current_iteration_number": 10,
            "enable_following": true
          },
          {
            "id": 1037360,
            "kind": "project",
            "name": "gSchoolScreenHeroRequests",
            "version": 96,
            "iteration_length": 1,
            "week_start_day": "Monday",
            "point_scale": "0,1,2,3",
            "point_scale_is_custom": false,
            "bugs_and_chores_are_estimatable": false,
            "enable_planned_mode": false,
            "enable_tasks": true,
            "time_zone": {
              "kind": "time_zone",
              "olson_name": "America/Los_Angeles",
              "offset": "-07:00"
            },
            "velocity_averaged_over": 3,
            "number_of_done_iterations_to_show": 12,
            "has_google_domain": false,
            "enable_incoming_emails": true,
            "initial_velocity": 10,
            "public": false,
            "atom_enabled": false,
            "start_time": "2014-03-17T07:00:00Z",
            "created_at": "2014-03-14T12:21:20Z",
            "updated_at": "2014-03-14T12:21:20Z",
            "account_id": 622224,
            "current_iteration_number": 8,
            "enable_following": true
          },
          {
            "id": 1031130,
            "kind": "project",
            "name": "students.gschool.it",
            "version": 174,
            "iteration_length": 1,
            "week_start_day": "Monday",
            "point_scale": "0,1,2,3",
            "point_scale_is_custom": false,
            "bugs_and_chores_are_estimatable": false,
            "enable_planned_mode": false,
            "enable_tasks": true,
            "time_zone": {
              "kind": "time_zone",
              "olson_name": "America/Los_Angeles",
              "offset": "-07:00"
            },
            "velocity_averaged_over": 3,
            "number_of_done_iterations_to_show": 12,
            "has_google_domain": false,
            "enable_incoming_emails": true,
            "initial_velocity": 10,
            "public": false,
            "atom_enabled": true,
            "start_time": "2014-03-03T08:00:00Z",
            "created_at": "2014-03-06T15:20:39Z",
            "updated_at": "2014-04-27T20:58:33Z",
            "account_id": 598246,
            "current_iteration_number": 10,
            "enable_following": true
          }
        ]
    http_version: 
  recorded_at: Thu, 08 May 2014 17:24:34 GMT
- request:
    method: get
    uri: https://www.pivotaltracker.com/services/v5/projects/1071248/stories
    body:
      encoding: US-ASCII
      string: ''
    headers:
      User-Agent:
      - Faraday v0.9.0
      X-Trackertoken:
      - "<TRACKER_TOKEN>"
      Accept-Encoding:
      - gzip;q=1.0,deflate;q=0.6,identity;q=0.3
      Accept:
      - "*/*"
  response:
    status:
      code: 200
      message: OK
    headers:
      Content-Type:
      - application/json; charset=utf-8
      Transfer-Encoding:
      - chunked
      Status:
      - 200 OK
      X-Tracker-Project-Version:
      - '94'
      X-Tracker-Pagination-Total:
      - '16'
      X-Tracker-Pagination-Offset:
      - '0'
      X-Tracker-Pagination-Limit:
      - '100'
      X-Tracker-Pagination-Returned:
      - '16'
      X-Ua-Compatible:
      - IE=Edge,chrome=1
      Cache-Control:
      - max-age=0, private, must-revalidate
      X-Request-Id:
      - e8f6b43b1966ed0f5d3a6bd9ffa9e274
      X-Runtime:
      - '0.038909'
      Date:
      - Thu, 08 May 2014 17:24:34 GMT
      X-Rack-Cache:
      - miss
      X-Powered-By:
      - Phusion Passenger 4.0.41
      Server:
      - nginx/1.6.0 + Phusion Passenger 4.0.41
      Access-Control-Allow-Origin:
      - "*"
      Access-Control-Allow-Credentials:
      - 'false'
      Access-Control-Allow-Methods:
      - GET, POST, PUT, DELETE, OPTIONS
      Access-Control-Allow-Headers:
      - X-TrackerToken,DNT,X-Mx-ReqToken,Keep-Alive,User-Agent,X-Requested-With,If-Modified-Since,Cache-Control,Content-Type,X-Tracker-Warn-Unless-Project-Version-Is
    body:
      encoding: UTF-8
      string: |-
        [
          {
            "kind": "story",
            "id": 70484714,
            "created_at": "2014-04-30T23:21:44Z",
            "updated_at": "2014-04-30T23:23:32Z",
            "accepted_at": "2014-04-30T23:24:45Z",
            "story_type": "chore",
            "name": "Create github repo and heroku staging",
            "current_state": "accepted",
            "requested_by_id": 1256928,
            "project_id": 1071248,
            "url": "https://www.pivotaltracker.com/story/show/70484714",
            "owner_ids": [
              1256928
            ],
            "labels": [

            ],
            "owned_by_id": 1256928
          },
          {
            "kind": "story",
            "id": 70484780,
            "created_at": "2014-04-30T23:22:43Z",
            "updated_at": "2014-05-07T21:42:50Z",
            "estimate": 1,
            "story_type": "feature",
            "name": "Create homepage",
            "description": "Should have:\n\n1. Welcome to OneFeed\n1. OneFeed is the logo and links to the homepage\n1. Login with Facebook text\n1. Login with Twitter text\n1. Should have images of Facebook/Twitter under their login messages\n",
            "current_state": "delivered",
            "requested_by_id": 1256928,
            "project_id": 1071248,
            "url": "https://www.pivotaltracker.com/story/show/70484780",
            "owner_ids": [
              1256928
            ],
            "labels": [

            ],
            "owned_by_id": 1256928
          },
          {
            "kind": "story",
            "id": 70484832,
            "created_at": "2014-04-30T23:22:20Z",
            "updated_at": "2014-05-07T21:42:33Z",
            "estimate": 2,
            "story_type": "feature",
            "name": "Can login with Twitter",
            "description": "1. Create app on Twitter for localhost and staging\n1. User can login through OmniAuth",
            "current_state": "delivered",
            "requested_by_id": 1256928,
            "project_id": 1071248,
            "url": "https://www.pivotaltracker.com/story/show/70484832",
            "owner_ids": [
              1256928
            ],
            "labels": [

            ],
            "owned_by_id": 1256928
          },
          {
            "kind": "story",
            "id": 70484868,
            "created_at": "2014-04-30T23:24:19Z",
            "updated_at": "2014-05-02T21:27:04Z",
            "estimate": 2,
            "story_type": "feature",
            "name": "Can view Twitter Stream individually",
            "description": "1. Should be able to view what the user's followers are saying on social media",
            "current_state": "delivered",
            "requested_by_id": 1256928,
            "project_id": 1071248,
            "url": "https://www.pivotaltracker.com/story/show/70484868",
            "owner_ids": [
              1256928
            ],
            "labels": [

            ],
            "owned_by_id": 1256928
          },
          {
            "kind": "story",
            "id": 70605736,
            "created_at": "2014-05-02T19:49:36Z",
            "updated_at": "2014-05-03T14:01:06Z",
            "estimate": 1,
            "story_type": "feature",
            "name": "Logged in user can see their stream",
            "description": "Currently it is always my stream",
            "current_state": "delivered",
            "requested_by_id": 1256928,
            "project_id": 1071248,
            "url": "https://www.pivotaltracker.com/story/show/70605736",
            "owner_ids": [
              1256928
            ],
            "labels": [

            ],
            "owned_by_id": 1256928
          },
          {
            "kind": "story",
            "id": 70615220,
            "created_at": "2014-05-02T21:58:14Z",
            "updated_at": "2014-05-03T14:02:17Z",
            "estimate": 1,
            "story_type": "feature",
            "name": "if a user's access token is invalid, redirect them to the sign in page",
            "current_state": "delivered",
            "requested_by_id": 1256928,
            "project_id": 1071248,
            "url": "https://www.pivotaltracker.com/story/show/70615220",
            "owner_ids": [
              1256928
            ],
            "labels": [

            ],
            "owned_by_id": 1256928
          },
          {
            "kind": "story",
            "id": 70628014,
            "created_at": "2014-05-03T16:02:03Z",
            "updated_at": "2014-05-05T17:49:23Z",
            "estimate": 1,
            "story_type": "feature",
            "name": "Style feed for Twitter posts",
            "description": "sections: post header, post body, post info (retweets, favorites, view on Twitter)",
            "current_state": "delivered",
            "requested_by_id": 1256928,
            "project_id": 1071248,
            "url": "https://www.pivotaltracker.com/story/show/70628014",
            "owner_ids": [
              1256928
            ],
            "labels": [

            ],
            "owned_by_id": 1256928
          },
          {
            "kind": "story",
            "id": 70694828,
            "created_at": "2014-05-05T17:49:44Z",
            "updated_at": "2014-05-05T19:10:38Z",
            "estimate": 1,
            "story_type": "feature",
            "name": "Change date format to \"minutes ago\"",
            "current_state": "delivered",
            "requested_by_id": 1256928,
            "project_id": 1071248,
            "url": "https://www.pivotaltracker.com/story/show/70694828",
            "owner_ids": [
              1256928
            ],
            "labels": [

            ],
            "owned_by_id": 1256928
          },
          {
            "kind": "story",
            "id": 70484858,
            "created_at": "2014-04-30T23:24:05Z",
            "updated_at": "2014-05-05T20:03:56Z",
            "estimate": 2,
            "story_type": "feature",
            "name": "Can login with Facebook",
            "description": "1. Register app for localhost/ staging\n1. Can login with Facebook OAuth",
            "current_state": "started",
            "requested_by_id": 1256928,
            "project_id": 1071248,
            "url": "https://www.pivotaltracker.com/story/show/70484858",
            "owner_ids": [
              1256928
            ],
            "labels": [

            ],
            "owned_by_id": 1256928
          },
          {
            "kind": "story",
            "id": 70484900,
            "created_at": "2014-04-30T23:24:30Z",
            "updated_at": "2014-05-05T20:28:00Z",
            "estimate": 2,
            "story_type": "feature",
            "name": "Can view Facebook stream individually",
            "current_state": "started",
            "requested_by_id": 1256928,
            "project_id": 1071248,
            "url": "https://www.pivotaltracker.com/story/show/70484900",
            "owner_ids": [
              1256928
            ],
            "labels": [

            ],
            "owned_by_id": 1256928
          },
          {
            "kind": "story",
            "id": 70724800,
            "created_at": "2014-05-05T23:19:52Z",
            "updated_at": "2014-05-05T23:19:52Z",
            "story_type": "bug",
            "name": "Fix bug with TimeFormatter, make sure that it can show days/hours ago",
            "current_state": "unstarted",
            "requested_by_id": 1256928,
            "project_id": 1071248,
            "url": "https://www.pivotaltracker.com/story/show/70724800",
            "owner_ids": [

            ],
            "labels": [

            ]
          },
          {
            "kind": "story",
            "id": 70708464,
            "created_at": "2014-05-05T20:03:42Z",
            "updated_at": "2014-05-05T20:03:46Z",
            "story_type": "feature",
            "name": "Figure out why \"just now\" doesn't display for posts from 0 minutes ago",
            "current_state": "unstarted",
            "requested_by_id": 1256928,
            "project_id": 1071248,
            "url": "https://www.pivotaltracker.com/story/show/70708464",
            "owner_ids": [

            ],
            "labels": [

            ]
          },
          {
            "kind": "story",
            "id": 70690078,
            "created_at": "2014-05-05T17:00:11Z",
            "updated_at": "2014-05-05T17:00:11Z",
            "story_type": "feature",
            "name": "Figure out how many posts you want to display and set limits on what is returned",
            "current_state": "unstarted",
            "requested_by_id": 1256928,
            "project_id": 1071248,
            "url": "https://www.pivotaltracker.com/story/show/70690078",
            "owner_ids": [

            ],
            "labels": [

            ]
          },
          {
            "kind": "story",
            "id": 70639268,
            "created_at": "2014-05-04T15:44:58Z",
            "updated_at": "2014-05-04T15:44:58Z",
            "story_type": "feature",
            "name": "Figure out why tweets sometimes have a \"...\" and don't show the full tweet",
            "current_state": "unstarted",
            "requested_by_id": 1256928,
            "project_id": 1071248,
            "url": "https://www.pivotaltracker.com/story/show/70639268",
            "owner_ids": [

            ],
            "labels": [

            ]
          },
          {
            "kind": "story",
            "id": 70484942,
            "created_at": "2014-04-30T23:23:30Z",
            "updated_at": "2014-04-30T23:23:30Z",
            "estimate": 2,
            "story_type": "feature",
            "name": "Can view Twitter and Facebook streams together",
            "current_state": "unstarted",
            "requested_by_id": 1256928,
            "project_id": 1071248,
            "url": "https://www.pivotaltracker.com/story/show/70484942",
            "owner_ids": [

            ],
            "labels": [

            ]
          },
          {
            "kind": "story",
            "id": 70613490,
            "created_at": "2014-05-02T21:26:05Z",
            "updated_at": "2014-05-03T16:07:43Z",
            "estimate": 1,
            "story_type": "feature",
            "name": "wrap hyperlinks within posts in an anchor tag",
            "description": "1. use a regex to parse for http://t.co, then get everything after until a black space and wrap it.\n1. figure out way to do this with other networks",
            "current_state": "unstarted",
            "requested_by_id": 1256928,
            "project_id": 1071248,
            "url": "https://www.pivotaltracker.com/story/show/70613490",
            "owner_ids": [

            ],
            "labels": [

            ]
          }
        ]
    http_version: 
  recorded_at: Thu, 08 May 2014 17:24:34 GMT
- request:
    method: get
    uri: https://www.pivotaltracker.com/services/v5/projects/1071248/stories/
    body:
      encoding: US-ASCII
      string: ''
    headers:
      User-Agent:
      - Faraday v0.9.0
      X-Trackertoken:
      - "<TRACKER_TOKEN>"
      Accept-Encoding:
      - gzip;q=1.0,deflate;q=0.6,identity;q=0.3
      Accept:
      - "*/*"
  response:
    status:
      code: 200
      message: OK
    headers:
      Content-Type:
      - application/json; charset=utf-8
      Transfer-Encoding:
      - chunked
      Status:
      - 200 OK
      X-Tracker-Project-Version:
      - '94'
      X-Tracker-Pagination-Total:
      - '16'
      X-Tracker-Pagination-Offset:
      - '0'
      X-Tracker-Pagination-Limit:
      - '100'
      X-Tracker-Pagination-Returned:
      - '16'
      X-Ua-Compatible:
      - IE=Edge,chrome=1
      Cache-Control:
      - max-age=0, private, must-revalidate
      X-Request-Id:
      - 744e6df9d8ac949c1014845a9de15aca
      X-Runtime:
      - '0.034571'
      Date:
      - Thu, 08 May 2014 17:24:35 GMT
      X-Rack-Cache:
      - miss
      X-Powered-By:
      - Phusion Passenger 4.0.41
      Server:
      - nginx/1.6.0 + Phusion Passenger 4.0.41
      Access-Control-Allow-Origin:
      - "*"
      Access-Control-Allow-Credentials:
      - 'false'
      Access-Control-Allow-Methods:
      - GET, POST, PUT, DELETE, OPTIONS
      Access-Control-Allow-Headers:
      - X-TrackerToken,DNT,X-Mx-ReqToken,Keep-Alive,User-Agent,X-Requested-With,If-Modified-Since,Cache-Control,Content-Type,X-Tracker-Warn-Unless-Project-Version-Is
    body:
      encoding: UTF-8
      string: |-
        [
          {
            "kind": "story",
            "id": 70484714,
            "created_at": "2014-04-30T23:21:44Z",
            "updated_at": "2014-04-30T23:23:32Z",
            "accepted_at": "2014-04-30T23:24:45Z",
            "story_type": "chore",
            "name": "Create github repo and heroku staging",
            "current_state": "accepted",
            "requested_by_id": 1256928,
            "project_id": 1071248,
            "url": "https://www.pivotaltracker.com/story/show/70484714",
            "owner_ids": [
              1256928
            ],
            "labels": [

            ],
            "owned_by_id": 1256928
          },
          {
            "kind": "story",
            "id": 70484780,
            "created_at": "2014-04-30T23:22:43Z",
            "updated_at": "2014-05-07T21:42:50Z",
            "estimate": 1,
            "story_type": "feature",
            "name": "Create homepage",
            "description": "Should have:\n\n1. Welcome to OneFeed\n1. OneFeed is the logo and links to the homepage\n1. Login with Facebook text\n1. Login with Twitter text\n1. Should have images of Facebook/Twitter under their login messages\n",
            "current_state": "delivered",
            "requested_by_id": 1256928,
            "project_id": 1071248,
            "url": "https://www.pivotaltracker.com/story/show/70484780",
            "owner_ids": [
              1256928
            ],
            "labels": [

            ],
            "owned_by_id": 1256928
          },
          {
            "kind": "story",
            "id": 70484832,
            "created_at": "2014-04-30T23:22:20Z",
            "updated_at": "2014-05-07T21:42:33Z",
            "estimate": 2,
            "story_type": "feature",
            "name": "Can login with Twitter",
            "description": "1. Create app on Twitter for localhost and staging\n1. User can login through OmniAuth",
            "current_state": "delivered",
            "requested_by_id": 1256928,
            "project_id": 1071248,
            "url": "https://www.pivotaltracker.com/story/show/70484832",
            "owner_ids": [
              1256928
            ],
            "labels": [

            ],
            "owned_by_id": 1256928
          },
          {
            "kind": "story",
            "id": 70484868,
            "created_at": "2014-04-30T23:24:19Z",
            "updated_at": "2014-05-02T21:27:04Z",
            "estimate": 2,
            "story_type": "feature",
            "name": "Can view Twitter Stream individually",
            "description": "1. Should be able to view what the user's followers are saying on social media",
            "current_state": "delivered",
            "requested_by_id": 1256928,
            "project_id": 1071248,
            "url": "https://www.pivotaltracker.com/story/show/70484868",
            "owner_ids": [
              1256928
            ],
            "labels": [

            ],
            "owned_by_id": 1256928
          },
          {
            "kind": "story",
            "id": 70605736,
            "created_at": "2014-05-02T19:49:36Z",
            "updated_at": "2014-05-03T14:01:06Z",
            "estimate": 1,
            "story_type": "feature",
            "name": "Logged in user can see their stream",
            "description": "Currently it is always my stream",
            "current_state": "delivered",
            "requested_by_id": 1256928,
            "project_id": 1071248,
            "url": "https://www.pivotaltracker.com/story/show/70605736",
            "owner_ids": [
              1256928
            ],
            "labels": [

            ],
            "owned_by_id": 1256928
          },
          {
            "kind": "story",
            "id": 70615220,
            "created_at": "2014-05-02T21:58:14Z",
            "updated_at": "2014-05-03T14:02:17Z",
            "estimate": 1,
            "story_type": "feature",
            "name": "if a user's access token is invalid, redirect them to the sign in page",
            "current_state": "delivered",
            "requested_by_id": 1256928,
            "project_id": 1071248,
            "url": "https://www.pivotaltracker.com/story/show/70615220",
            "owner_ids": [
              1256928
            ],
            "labels": [

            ],
            "owned_by_id": 1256928
          },
          {
            "kind": "story",
            "id": 70628014,
            "created_at": "2014-05-03T16:02:03Z",
            "updated_at": "2014-05-05T17:49:23Z",
            "estimate": 1,
            "story_type": "feature",
            "name": "Style feed for Twitter posts",
            "description": "sections: post header, post body, post info (retweets, favorites, view on Twitter)",
            "current_state": "delivered",
            "requested_by_id": 1256928,
            "project_id": 1071248,
            "url": "https://www.pivotaltracker.com/story/show/70628014",
            "owner_ids": [
              1256928
            ],
            "labels": [

            ],
            "owned_by_id": 1256928
          },
          {
            "kind": "story",
            "id": 70694828,
            "created_at": "2014-05-05T17:49:44Z",
            "updated_at": "2014-05-05T19:10:38Z",
            "estimate": 1,
            "story_type": "feature",
            "name": "Change date format to \"minutes ago\"",
            "current_state": "delivered",
            "requested_by_id": 1256928,
            "project_id": 1071248,
            "url": "https://www.pivotaltracker.com/story/show/70694828",
            "owner_ids": [
              1256928
            ],
            "labels": [

            ],
            "owned_by_id": 1256928
          },
          {
            "kind": "story",
            "id": 70484858,
            "created_at": "2014-04-30T23:24:05Z",
            "updated_at": "2014-05-05T20:03:56Z",
            "estimate": 2,
            "story_type": "feature",
            "name": "Can login with Facebook",
            "description": "1. Register app for localhost/ staging\n1. Can login with Facebook OAuth",
            "current_state": "started",
            "requested_by_id": 1256928,
            "project_id": 1071248,
            "url": "https://www.pivotaltracker.com/story/show/70484858",
            "owner_ids": [
              1256928
            ],
            "labels": [

            ],
            "owned_by_id": 1256928
          },
          {
            "kind": "story",
            "id": 70484900,
            "created_at": "2014-04-30T23:24:30Z",
            "updated_at": "2014-05-05T20:28:00Z",
            "estimate": 2,
            "story_type": "feature",
            "name": "Can view Facebook stream individually",
            "current_state": "started",
            "requested_by_id": 1256928,
            "project_id": 1071248,
            "url": "https://www.pivotaltracker.com/story/show/70484900",
            "owner_ids": [
              1256928
            ],
            "labels": [

            ],
            "owned_by_id": 1256928
          },
          {
            "kind": "story",
            "id": 70724800,
            "created_at": "2014-05-05T23:19:52Z",
            "updated_at": "2014-05-05T23:19:52Z",
            "story_type": "bug",
            "name": "Fix bug with TimeFormatter, make sure that it can show days/hours ago",
            "current_state": "unstarted",
            "requested_by_id": 1256928,
            "project_id": 1071248,
            "url": "https://www.pivotaltracker.com/story/show/70724800",
            "owner_ids": [

            ],
            "labels": [

            ]
          },
          {
            "kind": "story",
            "id": 70708464,
            "created_at": "2014-05-05T20:03:42Z",
            "updated_at": "2014-05-05T20:03:46Z",
            "story_type": "feature",
            "name": "Figure out why \"just now\" doesn't display for posts from 0 minutes ago",
            "current_state": "unstarted",
            "requested_by_id": 1256928,
            "project_id": 1071248,
            "url": "https://www.pivotaltracker.com/story/show/70708464",
            "owner_ids": [

            ],
            "labels": [

            ]
          },
          {
            "kind": "story",
            "id": 70690078,
            "created_at": "2014-05-05T17:00:11Z",
            "updated_at": "2014-05-05T17:00:11Z",
            "story_type": "feature",
            "name": "Figure out how many posts you want to display and set limits on what is returned",
            "current_state": "unstarted",
            "requested_by_id": 1256928,
            "project_id": 1071248,
            "url": "https://www.pivotaltracker.com/story/show/70690078",
            "owner_ids": [

            ],
            "labels": [

            ]
          },
          {
            "kind": "story",
            "id": 70639268,
            "created_at": "2014-05-04T15:44:58Z",
            "updated_at": "2014-05-04T15:44:58Z",
            "story_type": "feature",
            "name": "Figure out why tweets sometimes have a \"...\" and don't show the full tweet",
            "current_state": "unstarted",
            "requested_by_id": 1256928,
            "project_id": 1071248,
            "url": "https://www.pivotaltracker.com/story/show/70639268",
            "owner_ids": [

            ],
            "labels": [

            ]
          },
          {
            "kind": "story",
            "id": 70484942,
            "created_at": "2014-04-30T23:23:30Z",
            "updated_at": "2014-04-30T23:23:30Z",
            "estimate": 2,
            "story_type": "feature",
            "name": "Can view Twitter and Facebook streams together",
            "current_state": "unstarted",
            "requested_by_id": 1256928,
            "project_id": 1071248,
            "url": "https://www.pivotaltracker.com/story/show/70484942",
            "owner_ids": [

            ],
            "labels": [

            ]
          },
          {
            "kind": "story",
            "id": 70613490,
            "created_at": "2014-05-02T21:26:05Z",
            "updated_at": "2014-05-03T16:07:43Z",
            "estimate": 1,
            "story_type": "feature",
            "name": "wrap hyperlinks within posts in an anchor tag",
            "description": "1. use a regex to parse for http://t.co, then get everything after until a black space and wrap it.\n1. figure out way to do this with other networks",
            "current_state": "unstarted",
            "requested_by_id": 1256928,
            "project_id": 1071248,
            "url": "https://www.pivotaltracker.com/story/show/70613490",
            "owner_ids": [

            ],
            "labels": [

            ]
          }
        ]
    http_version: 
  recorded_at: Thu, 08 May 2014 17:24:34 GMT
- request:
    method: get
    uri: https://www.pivotaltracker.com/services/v5/projects/1071248/stories/70484714/comments
    body:
      encoding: US-ASCII
      string: ''
    headers:
      User-Agent:
      - Faraday v0.9.0
      X-Trackertoken:
      - "<TRACKER_TOKEN>"
      Accept-Encoding:
      - gzip;q=1.0,deflate;q=0.6,identity;q=0.3
      Accept:
      - "*/*"
  response:
    status:
      code: 200
      message: OK
    headers:
      Content-Type:
      - application/json; charset=utf-8
      Transfer-Encoding:
      - chunked
      Status:
      - 200 OK
      X-Tracker-Project-Version:
      - '94'
      X-Ua-Compatible:
      - IE=Edge,chrome=1
      Cache-Control:
      - max-age=0, private, must-revalidate
      X-Request-Id:
      - 0a37f416d124d9d3bce40f2d47e0211a
      X-Runtime:
      - '0.034002'
      Date:
      - Thu, 08 May 2014 17:24:35 GMT
      X-Rack-Cache:
      - miss
      X-Powered-By:
      - Phusion Passenger 4.0.41
      Server:
      - nginx/1.6.0 + Phusion Passenger 4.0.41
      Access-Control-Allow-Origin:
      - "*"
      Access-Control-Allow-Credentials:
      - 'false'
      Access-Control-Allow-Methods:
      - GET, POST, PUT, DELETE, OPTIONS
      Access-Control-Allow-Headers:
      - X-TrackerToken,DNT,X-Mx-ReqToken,Keep-Alive,User-Agent,X-Requested-With,If-Modified-Since,Cache-Control,Content-Type,X-Tracker-Warn-Unless-Project-Version-Is
    body:
      encoding: UTF-8
      string: |-
        [

        ]
    http_version: 
  recorded_at: Thu, 08 May 2014 17:24:34 GMT
- request:
    method: get
    uri: https://www.pivotaltracker.com/services/v5/projects/1071248/stories/70484780/comments
    body:
      encoding: US-ASCII
      string: ''
    headers:
      User-Agent:
      - Faraday v0.9.0
      X-Trackertoken:
      - "<TRACKER_TOKEN>"
      Accept-Encoding:
      - gzip;q=1.0,deflate;q=0.6,identity;q=0.3
      Accept:
      - "*/*"
  response:
    status:
      code: 200
      message: OK
    headers:
      Content-Type:
      - application/json; charset=utf-8
      Transfer-Encoding:
      - chunked
      Status:
      - 200 OK
      X-Tracker-Project-Version:
      - '94'
      X-Ua-Compatible:
      - IE=Edge,chrome=1
      Cache-Control:
      - max-age=0, private, must-revalidate
      X-Request-Id:
      - a0053dffedd9e8be4e92b9207328ba1a
      X-Runtime:
      - '0.035178'
      Date:
      - Thu, 08 May 2014 17:23:22 GMT
      X-Rack-Cache:
      - miss
      X-Powered-By:
      - Phusion Passenger 4.0.41
      Server:
      - nginx/1.6.0 + Phusion Passenger 4.0.41
      Access-Control-Allow-Origin:
      - "*"
      Access-Control-Allow-Credentials:
      - 'false'
      Access-Control-Allow-Methods:
      - GET, POST, PUT, DELETE, OPTIONS
      Access-Control-Allow-Headers:
      - X-TrackerToken,DNT,X-Mx-ReqToken,Keep-Alive,User-Agent,X-Requested-With,If-Modified-Since,Cache-Control,Content-Type,X-Tracker-Warn-Unless-Project-Version-Is
    body:
      encoding: UTF-8
      string: |-
        [
          {
            "kind": "comment",
            "id": 68681214,
            "story_id": 70484780,
            "text": "Awesome homepage!",
            "person_id": 1256928,
            "created_at": "2014-05-07T21:42:13Z",
            "updated_at": "2014-05-07T21:42:13Z"
          },
          {
            "kind": "comment",
            "id": 68681298,
            "story_id": 70484780,
            "text": "Agreed!",
            "person_id": 1256928,
            "created_at": "2014-05-07T21:42:50Z",
            "updated_at": "2014-05-07T21:42:50Z"
          }
        ]
    http_version: 
  recorded_at: Thu, 08 May 2014 17:24:35 GMT
- request:
    method: get
    uri: https://www.pivotaltracker.com/services/v5/projects/1071248/stories/70484832/comments
    body:
      encoding: US-ASCII
      string: ''
    headers:
      User-Agent:
      - Faraday v0.9.0
      X-Trackertoken:
      - "<TRACKER_TOKEN>"
      Accept-Encoding:
      - gzip;q=1.0,deflate;q=0.6,identity;q=0.3
      Accept:
      - "*/*"
  response:
    status:
      code: 200
      message: OK
    headers:
      Content-Type:
      - application/json; charset=utf-8
      Transfer-Encoding:
      - chunked
      Status:
      - 200 OK
      X-Tracker-Project-Version:
      - '94'
      X-Ua-Compatible:
      - IE=Edge,chrome=1
      Cache-Control:
      - max-age=0, private, must-revalidate
      X-Request-Id:
      - 2ab35fb029241df20e95b1cfe64db3ff
      X-Runtime:
      - '0.031719'
      Date:
      - Thu, 08 May 2014 17:24:35 GMT
      X-Rack-Cache:
      - miss
      X-Powered-By:
      - Phusion Passenger 4.0.41
      Server:
      - nginx/1.6.0 + Phusion Passenger 4.0.41
      Access-Control-Allow-Origin:
      - "*"
      Access-Control-Allow-Credentials:
      - 'false'
      Access-Control-Allow-Methods:
      - GET, POST, PUT, DELETE, OPTIONS
      Access-Control-Allow-Headers:
      - X-TrackerToken,DNT,X-Mx-ReqToken,Keep-Alive,User-Agent,X-Requested-With,If-Modified-Since,Cache-Control,Content-Type,X-Tracker-Warn-Unless-Project-Version-Is
    body:
      encoding: UTF-8
      string: |-
        [
          {
            "kind": "comment",
            "id": 68681254,
            "story_id": 70484832,
            "text": "Cool Twitter login",
            "person_id": 1256928,
            "created_at": "2014-05-07T21:42:33Z",
            "updated_at": "2014-05-07T21:42:33Z"
          }
        ]
    http_version: 
  recorded_at: Thu, 08 May 2014 17:24:35 GMT
- request:
    method: get
    uri: https://www.pivotaltracker.com/services/v5/projects/1071248/stories/70484868/comments
    body:
      encoding: US-ASCII
      string: ''
    headers:
      User-Agent:
      - Faraday v0.9.0
      X-Trackertoken:
      - "<TRACKER_TOKEN>"
      Accept-Encoding:
      - gzip;q=1.0,deflate;q=0.6,identity;q=0.3
      Accept:
      - "*/*"
  response:
    status:
      code: 200
      message: OK
    headers:
      Content-Type:
      - application/json; charset=utf-8
      Transfer-Encoding:
      - chunked
      Status:
      - 200 OK
      X-Tracker-Project-Version:
      - '94'
      X-Ua-Compatible:
      - IE=Edge,chrome=1
      Cache-Control:
      - max-age=0, private, must-revalidate
      X-Request-Id:
      - 1d83a99c93ce92d19c0261c64390b7ad
      X-Runtime:
      - '0.030888'
      Date:
      - Thu, 08 May 2014 17:24:36 GMT
      X-Rack-Cache:
      - miss
      X-Powered-By:
      - Phusion Passenger 4.0.41
      Server:
      - nginx/1.6.0 + Phusion Passenger 4.0.41
      Access-Control-Allow-Origin:
      - "*"
      Access-Control-Allow-Credentials:
      - 'false'
      Access-Control-Allow-Methods:
      - GET, POST, PUT, DELETE, OPTIONS
      Access-Control-Allow-Headers:
      - X-TrackerToken,DNT,X-Mx-ReqToken,Keep-Alive,User-Agent,X-Requested-With,If-Modified-Since,Cache-Control,Content-Type,X-Tracker-Warn-Unless-Project-Version-Is
    body:
      encoding: UTF-8
      string: |-
        [
          {
            "kind": "comment",
            "id": 68320436,
            "story_id": 70484868,
            "text": "currently only works for me, i.e. other logged in users would also see my stream",
            "person_id": 1256928,
            "created_at": "2014-05-02T21:26:34Z",
            "updated_at": "2014-05-02T21:25:46Z"
          }
        ]
    http_version: 
  recorded_at: Thu, 08 May 2014 17:24:35 GMT
- request:
    method: get
    uri: https://www.pivotaltracker.com/services/v5/projects/1071248/stories/70605736/comments
    body:
      encoding: US-ASCII
      string: ''
    headers:
      User-Agent:
      - Faraday v0.9.0
      X-Trackertoken:
      - "<TRACKER_TOKEN>"
      Accept-Encoding:
      - gzip;q=1.0,deflate;q=0.6,identity;q=0.3
      Accept:
      - "*/*"
  response:
    status:
      code: 200
      message: OK
    headers:
      Content-Type:
      - application/json; charset=utf-8
      Transfer-Encoding:
      - chunked
      Status:
      - 200 OK
      X-Tracker-Project-Version:
      - '94'
      X-Ua-Compatible:
      - IE=Edge,chrome=1
      Cache-Control:
      - max-age=0, private, must-revalidate
      X-Request-Id:
      - 1d18102e5121649b5f8d58c45a072372
      X-Runtime:
      - '0.033455'
      Date:
      - Thu, 08 May 2014 17:24:36 GMT
      X-Rack-Cache:
      - miss
      X-Powered-By:
      - Phusion Passenger 4.0.41
      Server:
      - nginx/1.6.0 + Phusion Passenger 4.0.41
      Access-Control-Allow-Origin:
      - "*"
      Access-Control-Allow-Credentials:
      - 'false'
      Access-Control-Allow-Methods:
      - GET, POST, PUT, DELETE, OPTIONS
      Access-Control-Allow-Headers:
      - X-TrackerToken,DNT,X-Mx-ReqToken,Keep-Alive,User-Agent,X-Requested-With,If-Modified-Since,Cache-Control,Content-Type,X-Tracker-Warn-Unless-Project-Version-Is
    body:
      encoding: UTF-8
      string: |-
        [

        ]
    http_version: 
  recorded_at: Thu, 08 May 2014 17:24:35 GMT
- request:
    method: get
    uri: https://www.pivotaltracker.com/services/v5/projects/1071248/stories/70615220/comments
    body:
      encoding: US-ASCII
      string: ''
    headers:
      User-Agent:
      - Faraday v0.9.0
      X-Trackertoken:
      - "<TRACKER_TOKEN>"
      Accept-Encoding:
      - gzip;q=1.0,deflate;q=0.6,identity;q=0.3
      Accept:
      - "*/*"
  response:
    status:
      code: 200
      message: OK
    headers:
      Content-Type:
      - application/json; charset=utf-8
      Transfer-Encoding:
      - chunked
      Status:
      - 200 OK
      X-Tracker-Project-Version:
      - '94'
      X-Ua-Compatible:
      - IE=Edge,chrome=1
      Cache-Control:
      - max-age=0, private, must-revalidate
      X-Request-Id:
      - 9893084c96fe3c60f41f5a013ecee0e1
      X-Runtime:
      - '0.031811'
      Date:
      - Thu, 08 May 2014 17:23:23 GMT
      X-Rack-Cache:
      - miss
      X-Powered-By:
      - Phusion Passenger 4.0.41
      Server:
      - nginx/1.6.0 + Phusion Passenger 4.0.41
      Access-Control-Allow-Origin:
      - "*"
      Access-Control-Allow-Credentials:
      - 'false'
      Access-Control-Allow-Methods:
      - GET, POST, PUT, DELETE, OPTIONS
      Access-Control-Allow-Headers:
      - X-TrackerToken,DNT,X-Mx-ReqToken,Keep-Alive,User-Agent,X-Requested-With,If-Modified-Since,Cache-Control,Content-Type,X-Tracker-Warn-Unless-Project-Version-Is
    body:
      encoding: UTF-8
      string: |-
        [

        ]
    http_version: 
  recorded_at: Thu, 08 May 2014 17:24:36 GMT
- request:
    method: get
    uri: https://www.pivotaltracker.com/services/v5/projects/1071248/stories/70628014/comments
    body:
      encoding: US-ASCII
      string: ''
    headers:
      User-Agent:
      - Faraday v0.9.0
      X-Trackertoken:
      - "<TRACKER_TOKEN>"
      Accept-Encoding:
      - gzip;q=1.0,deflate;q=0.6,identity;q=0.3
      Accept:
      - "*/*"
  response:
    status:
      code: 200
      message: OK
    headers:
      Content-Type:
      - application/json; charset=utf-8
      Transfer-Encoding:
      - chunked
      Status:
      - 200 OK
      X-Tracker-Project-Version:
      - '94'
      X-Ua-Compatible:
      - IE=Edge,chrome=1
      Cache-Control:
      - max-age=0, private, must-revalidate
      X-Request-Id:
      - afc2827d1223690c78105102a0e14c6a
      X-Runtime:
      - '0.030909'
      Date:
      - Thu, 08 May 2014 17:24:37 GMT
      X-Rack-Cache:
      - miss
      X-Powered-By:
      - Phusion Passenger 4.0.41
      Server:
      - nginx/1.6.0 + Phusion Passenger 4.0.41
      Access-Control-Allow-Origin:
      - "*"
      Access-Control-Allow-Credentials:
      - 'false'
      Access-Control-Allow-Methods:
      - GET, POST, PUT, DELETE, OPTIONS
      Access-Control-Allow-Headers:
      - X-TrackerToken,DNT,X-Mx-ReqToken,Keep-Alive,User-Agent,X-Requested-With,If-Modified-Since,Cache-Control,Content-Type,X-Tracker-Warn-Unless-Project-Version-Is
    body:
      encoding: UTF-8
      string: |-
        [

        ]
    http_version: 
  recorded_at: Thu, 08 May 2014 17:24:36 GMT
- request:
    method: get
    uri: https://www.pivotaltracker.com/services/v5/projects/1071248/stories/70694828/comments
    body:
      encoding: US-ASCII
      string: ''
    headers:
      User-Agent:
      - Faraday v0.9.0
      X-Trackertoken:
      - "<TRACKER_TOKEN>"
      Accept-Encoding:
      - gzip;q=1.0,deflate;q=0.6,identity;q=0.3
      Accept:
      - "*/*"
  response:
    status:
      code: 200
      message: OK
    headers:
      Content-Type:
      - application/json; charset=utf-8
      Transfer-Encoding:
      - chunked
      Status:
      - 200 OK
      X-Tracker-Project-Version:
      - '94'
      X-Ua-Compatible:
      - IE=Edge,chrome=1
      Cache-Control:
      - max-age=0, private, must-revalidate
      X-Request-Id:
      - bc64e6c88204d60c5671a7488dc44a29
      X-Runtime:
      - '0.029615'
      Date:
      - Thu, 08 May 2014 17:24:37 GMT
      X-Rack-Cache:
      - miss
      X-Powered-By:
      - Phusion Passenger 4.0.41
      Server:
      - nginx/1.6.0 + Phusion Passenger 4.0.41
      Access-Control-Allow-Origin:
      - "*"
      Access-Control-Allow-Credentials:
      - 'false'
      Access-Control-Allow-Methods:
      - GET, POST, PUT, DELETE, OPTIONS
      Access-Control-Allow-Headers:
      - X-TrackerToken,DNT,X-Mx-ReqToken,Keep-Alive,User-Agent,X-Requested-With,If-Modified-Since,Cache-Control,Content-Type,X-Tracker-Warn-Unless-Project-Version-Is
    body:
      encoding: UTF-8
      string: |-
        [

        ]
    http_version: 
  recorded_at: Thu, 08 May 2014 17:24:36 GMT
- request:
    method: get
    uri: https://www.pivotaltracker.com/services/v5/projects/1071248/stories/70484858/comments
    body:
      encoding: US-ASCII
      string: ''
    headers:
      User-Agent:
      - Faraday v0.9.0
      X-Trackertoken:
      - "<TRACKER_TOKEN>"
      Accept-Encoding:
      - gzip;q=1.0,deflate;q=0.6,identity;q=0.3
      Accept:
      - "*/*"
  response:
    status:
      code: 200
      message: OK
    headers:
      Content-Type:
      - application/json; charset=utf-8
      Transfer-Encoding:
      - chunked
      Status:
      - 200 OK
      X-Tracker-Project-Version:
      - '94'
      X-Ua-Compatible:
      - IE=Edge,chrome=1
      Cache-Control:
      - max-age=0, private, must-revalidate
      X-Request-Id:
      - be00f215eb2404bcc926acb6fa9ffefd
      X-Runtime:
      - '0.036214'
      Date:
      - Thu, 08 May 2014 17:24:37 GMT
      X-Rack-Cache:
      - miss
      X-Powered-By:
      - Phusion Passenger 4.0.41
      Server:
      - nginx/1.6.0 + Phusion Passenger 4.0.41
      Access-Control-Allow-Origin:
      - "*"
      Access-Control-Allow-Credentials:
      - 'false'
      Access-Control-Allow-Methods:
      - GET, POST, PUT, DELETE, OPTIONS
      Access-Control-Allow-Headers:
      - X-TrackerToken,DNT,X-Mx-ReqToken,Keep-Alive,User-Agent,X-Requested-With,If-Modified-Since,Cache-Control,Content-Type,X-Tracker-Warn-Unless-Project-Version-Is
    body:
      encoding: UTF-8
      string: |-
        [

        ]
    http_version: 
  recorded_at: Thu, 08 May 2014 17:24:37 GMT
- request:
    method: get
    uri: https://www.pivotaltracker.com/services/v5/projects/1071248/stories/70484900/comments
    body:
      encoding: US-ASCII
      string: ''
    headers:
      User-Agent:
      - Faraday v0.9.0
      X-Trackertoken:
      - "<TRACKER_TOKEN>"
      Accept-Encoding:
      - gzip;q=1.0,deflate;q=0.6,identity;q=0.3
      Accept:
      - "*/*"
  response:
    status:
      code: 200
      message: OK
    headers:
      Content-Type:
      - application/json; charset=utf-8
      Transfer-Encoding:
      - chunked
      Status:
      - 200 OK
      X-Tracker-Project-Version:
      - '94'
      X-Ua-Compatible:
      - IE=Edge,chrome=1
      Cache-Control:
      - max-age=0, private, must-revalidate
      X-Request-Id:
      - 237e8297ec8b64a38ff41186098efb04
      X-Runtime:
      - '0.028138'
      Date:
      - Thu, 08 May 2014 17:24:37 GMT
      X-Rack-Cache:
      - miss
      X-Powered-By:
      - Phusion Passenger 4.0.41
      Server:
      - nginx/1.6.0 + Phusion Passenger 4.0.41
      Access-Control-Allow-Origin:
      - "*"
      Access-Control-Allow-Credentials:
      - 'false'
      Access-Control-Allow-Methods:
      - GET, POST, PUT, DELETE, OPTIONS
      Access-Control-Allow-Headers:
      - X-TrackerToken,DNT,X-Mx-ReqToken,Keep-Alive,User-Agent,X-Requested-With,If-Modified-Since,Cache-Control,Content-Type,X-Tracker-Warn-Unless-Project-Version-Is
    body:
      encoding: UTF-8
      string: |-
        [

        ]
    http_version: 
  recorded_at: Thu, 08 May 2014 17:24:37 GMT
- request:
    method: get
    uri: https://www.pivotaltracker.com/services/v5/projects/1071248/stories/70724800/comments
    body:
      encoding: US-ASCII
      string: ''
    headers:
      User-Agent:
      - Faraday v0.9.0
      X-Trackertoken:
      - "<TRACKER_TOKEN>"
      Accept-Encoding:
      - gzip;q=1.0,deflate;q=0.6,identity;q=0.3
      Accept:
      - "*/*"
  response:
    status:
      code: 200
      message: OK
    headers:
      Content-Type:
      - application/json; charset=utf-8
      Transfer-Encoding:
      - chunked
      Status:
      - 200 OK
      X-Tracker-Project-Version:
      - '94'
      X-Ua-Compatible:
      - IE=Edge,chrome=1
      Cache-Control:
      - max-age=0, private, must-revalidate
      X-Request-Id:
      - 18fc4899f518d717b81c7d97bc2dae0d
      X-Runtime:
      - '0.036142'
      Date:
      - Thu, 08 May 2014 17:23:24 GMT
      X-Rack-Cache:
      - miss
      X-Powered-By:
      - Phusion Passenger 4.0.41
      Server:
      - nginx/1.6.0 + Phusion Passenger 4.0.41
      Access-Control-Allow-Origin:
      - "*"
      Access-Control-Allow-Credentials:
      - 'false'
      Access-Control-Allow-Methods:
      - GET, POST, PUT, DELETE, OPTIONS
      Access-Control-Allow-Headers:
      - X-TrackerToken,DNT,X-Mx-ReqToken,Keep-Alive,User-Agent,X-Requested-With,If-Modified-Since,Cache-Control,Content-Type,X-Tracker-Warn-Unless-Project-Version-Is
    body:
      encoding: UTF-8
      string: |-
        [

        ]
    http_version: 
  recorded_at: Thu, 08 May 2014 17:24:37 GMT
- request:
    method: get
    uri: https://www.pivotaltracker.com/services/v5/projects/1071248/stories/70708464/comments
    body:
      encoding: US-ASCII
      string: ''
    headers:
      User-Agent:
      - Faraday v0.9.0
      X-Trackertoken:
      - "<TRACKER_TOKEN>"
      Accept-Encoding:
      - gzip;q=1.0,deflate;q=0.6,identity;q=0.3
      Accept:
      - "*/*"
  response:
    status:
      code: 200
      message: OK
    headers:
      Content-Type:
      - application/json; charset=utf-8
      Transfer-Encoding:
      - chunked
      Status:
      - 200 OK
      X-Tracker-Project-Version:
      - '94'
      X-Ua-Compatible:
      - IE=Edge,chrome=1
      Cache-Control:
      - max-age=0, private, must-revalidate
      X-Request-Id:
      - a28d34974073ba7d04999a78fb956c75
      X-Runtime:
      - '0.032599'
      Date:
      - Thu, 08 May 2014 17:24:38 GMT
      X-Rack-Cache:
      - miss
      X-Powered-By:
      - Phusion Passenger 4.0.41
      Server:
      - nginx/1.6.0 + Phusion Passenger 4.0.41
      Access-Control-Allow-Origin:
      - "*"
      Access-Control-Allow-Credentials:
      - 'false'
      Access-Control-Allow-Methods:
      - GET, POST, PUT, DELETE, OPTIONS
      Access-Control-Allow-Headers:
      - X-TrackerToken,DNT,X-Mx-ReqToken,Keep-Alive,User-Agent,X-Requested-With,If-Modified-Since,Cache-Control,Content-Type,X-Tracker-Warn-Unless-Project-Version-Is
    body:
      encoding: UTF-8
      string: |-
        [

        ]
    http_version: 
  recorded_at: Thu, 08 May 2014 17:24:37 GMT
- request:
    method: get
    uri: https://www.pivotaltracker.com/services/v5/projects/1071248/stories/70690078/comments
    body:
      encoding: US-ASCII
      string: ''
    headers:
      User-Agent:
      - Faraday v0.9.0
      X-Trackertoken:
      - "<TRACKER_TOKEN>"
      Accept-Encoding:
      - gzip;q=1.0,deflate;q=0.6,identity;q=0.3
      Accept:
      - "*/*"
  response:
    status:
      code: 200
      message: OK
    headers:
      Content-Type:
      - application/json; charset=utf-8
      Transfer-Encoding:
      - chunked
      Status:
      - 200 OK
      X-Tracker-Project-Version:
      - '94'
      X-Ua-Compatible:
      - IE=Edge,chrome=1
      Cache-Control:
      - max-age=0, private, must-revalidate
      X-Request-Id:
      - 9796c696ca36f2e3069e96ab0564926a
      X-Runtime:
      - '0.032806'
      Date:
      - Thu, 08 May 2014 17:24:38 GMT
      X-Rack-Cache:
      - miss
      X-Powered-By:
      - Phusion Passenger 4.0.41
      Server:
      - nginx/1.6.0 + Phusion Passenger 4.0.41
      Access-Control-Allow-Origin:
      - "*"
      Access-Control-Allow-Credentials:
      - 'false'
      Access-Control-Allow-Methods:
      - GET, POST, PUT, DELETE, OPTIONS
      Access-Control-Allow-Headers:
      - X-TrackerToken,DNT,X-Mx-ReqToken,Keep-Alive,User-Agent,X-Requested-With,If-Modified-Since,Cache-Control,Content-Type,X-Tracker-Warn-Unless-Project-Version-Is
    body:
      encoding: UTF-8
      string: |-
        [

        ]
    http_version: 
  recorded_at: Thu, 08 May 2014 17:24:38 GMT
- request:
    method: get
    uri: https://www.pivotaltracker.com/services/v5/projects/1071248/stories/70639268/comments
    body:
      encoding: US-ASCII
      string: ''
    headers:
      User-Agent:
      - Faraday v0.9.0
      X-Trackertoken:
      - "<TRACKER_TOKEN>"
      Accept-Encoding:
      - gzip;q=1.0,deflate;q=0.6,identity;q=0.3
      Accept:
      - "*/*"
  response:
    status:
      code: 200
      message: OK
    headers:
      Content-Type:
      - application/json; charset=utf-8
      Transfer-Encoding:
      - chunked
      Status:
      - 200 OK
      X-Tracker-Project-Version:
      - '94'
      X-Ua-Compatible:
      - IE=Edge,chrome=1
      Cache-Control:
      - max-age=0, private, must-revalidate
      X-Request-Id:
      - 11c1b3e0ae71ea09d40fe590728444b5
      X-Runtime:
      - '0.034557'
      Date:
      - Thu, 08 May 2014 17:24:38 GMT
      X-Rack-Cache:
      - miss
      X-Powered-By:
      - Phusion Passenger 4.0.41
      Server:
      - nginx/1.6.0 + Phusion Passenger 4.0.41
      Access-Control-Allow-Origin:
      - "*"
      Access-Control-Allow-Credentials:
      - 'false'
      Access-Control-Allow-Methods:
      - GET, POST, PUT, DELETE, OPTIONS
      Access-Control-Allow-Headers:
      - X-TrackerToken,DNT,X-Mx-ReqToken,Keep-Alive,User-Agent,X-Requested-With,If-Modified-Since,Cache-Control,Content-Type,X-Tracker-Warn-Unless-Project-Version-Is
    body:
      encoding: UTF-8
      string: |-
        [

        ]
    http_version: 
  recorded_at: Thu, 08 May 2014 17:24:38 GMT
- request:
    method: get
    uri: https://www.pivotaltracker.com/services/v5/projects/1071248/stories/70484942/comments
    body:
      encoding: US-ASCII
      string: ''
    headers:
      User-Agent:
      - Faraday v0.9.0
      X-Trackertoken:
      - "<TRACKER_TOKEN>"
      Accept-Encoding:
      - gzip;q=1.0,deflate;q=0.6,identity;q=0.3
      Accept:
      - "*/*"
  response:
    status:
      code: 200
      message: OK
    headers:
      Content-Type:
      - application/json; charset=utf-8
      Transfer-Encoding:
      - chunked
      Status:
      - 200 OK
      X-Tracker-Project-Version:
      - '94'
      X-Ua-Compatible:
      - IE=Edge,chrome=1
      Cache-Control:
      - max-age=0, private, must-revalidate
      X-Request-Id:
      - 97ae9eca8db3dd304280987bef12bb79
      X-Runtime:
      - '0.037499'
      Date:
      - Thu, 08 May 2014 17:23:25 GMT
      X-Rack-Cache:
      - miss
      X-Powered-By:
      - Phusion Passenger 4.0.41
      Server:
      - nginx/1.6.0 + Phusion Passenger 4.0.41
      Access-Control-Allow-Origin:
      - "*"
      Access-Control-Allow-Credentials:
      - 'false'
      Access-Control-Allow-Methods:
      - GET, POST, PUT, DELETE, OPTIONS
      Access-Control-Allow-Headers:
      - X-TrackerToken,DNT,X-Mx-ReqToken,Keep-Alive,User-Agent,X-Requested-With,If-Modified-Since,Cache-Control,Content-Type,X-Tracker-Warn-Unless-Project-Version-Is
    body:
      encoding: UTF-8
      string: |-
        [

        ]
    http_version: 
  recorded_at: Thu, 08 May 2014 17:24:38 GMT
- request:
    method: get
    uri: https://www.pivotaltracker.com/services/v5/projects/1071248/stories/70613490/comments
    body:
      encoding: US-ASCII
      string: ''
    headers:
      User-Agent:
      - Faraday v0.9.0
      X-Trackertoken:
      - "<TRACKER_TOKEN>"
      Accept-Encoding:
      - gzip;q=1.0,deflate;q=0.6,identity;q=0.3
      Accept:
      - "*/*"
  response:
    status:
      code: 200
      message: OK
    headers:
      Content-Type:
      - application/json; charset=utf-8
      Transfer-Encoding:
      - chunked
      Status:
      - 200 OK
      X-Tracker-Project-Version:
      - '94'
      X-Ua-Compatible:
      - IE=Edge,chrome=1
      Cache-Control:
      - max-age=0, private, must-revalidate
      X-Request-Id:
      - b424fc77373556200a4847f4dcbc2d1f
      X-Runtime:
      - '0.037681'
      Date:
      - Thu, 08 May 2014 17:24:39 GMT
      X-Rack-Cache:
      - miss
      X-Powered-By:
      - Phusion Passenger 4.0.41
      Server:
      - nginx/1.6.0 + Phusion Passenger 4.0.41
      Access-Control-Allow-Origin:
      - "*"
      Access-Control-Allow-Credentials:
      - 'false'
      Access-Control-Allow-Methods:
      - GET, POST, PUT, DELETE, OPTIONS
      Access-Control-Allow-Headers:
      - X-TrackerToken,DNT,X-Mx-ReqToken,Keep-Alive,User-Agent,X-Requested-With,If-Modified-Since,Cache-Control,Content-Type,X-Tracker-Warn-Unless-Project-Version-Is
    body:
      encoding: UTF-8
      string: |-
        [

        ]
    http_version: 
  recorded_at: Thu, 08 May 2014 17:24:38 GMT
recorded_with: VCR 2.9.0
